autoconf
autogen
automake
bc
betterlockscreen
bison
bspwm
build-essential
byacc
cairo
ccache
check
checkinstall
clang
cmake
cmake-curses-gui
cmake-data
cpl-plugin-hawki-calibcpl-plugin-hawki-doc
curl
dbus-session-bus
default-dbus-session-bus
device-tree-compiler
dfu-util
doxygen
dpkg
feh
file
flex
g++
g++-multilib
gawk
gcc
gcc-multilib
gengetopt
gio-unix-2.0
gir1.2-gtk-3.0
git
glib-networking
glib-networking-common
glib-networking-services
glib2
glibc-doc
glibc-source
gmodule-2.0
gperf
graphicsmagick-imagemagick-compat
i3lock
i3lock-color
i3lock-fancy
imagemagick
imagemagick-6.q16
lemonbar
libasound2
libasound2-dev
libbluetooth-dev
libc6
libcairo
libcairo-xcb
libcairo2
libcairo2-dev
libconfig-dev
libcurl4
libcurl4-openssl-dev
libdbus-1-dev
libev-dev
libev4
libevdev-dev
libfontconfig1
libfreetype6
libgcc-s1
libgdk-pixbuf-2.0
libgdk-pixbuf-2.0-0
libgdk-pixbuf-2.0-dev
libgdk-pixbuf-xlib-2.0-dev
libgdk-pixbuf2.0-dev
libgirepository1.0-dev
libgit2-dev
libgl1-mesa-dev
libglib2.0
libglib2.0-0
libglib2.0-dev
libglib2.0-dev-bin
libglibmm-2.68-dev
libgmp3-dev
libipc-run-perl
libjson-c-dev
libjsoncpp-dev
libjsoncpp25
libjudy-dev
libmagic1
libmpdclient-dev
libmpdclient2
libnl-3-200
libnl-genl-3-200
libnl-genl-3-dev
libnotify4
libpam0g
libpango
libpango-1.0-0
libpango1.0-dev
libpangocairo
libpangocairo-1.0-0
libpcap-dev
libpcre2-dev
libpcre3-dev
libpixman-1-dev
libpulse-dev
libpulse0
librsvg2
libsdl2-dev
libssh-dev
libssl-dev
libstartup-notification-1.0
libstartup-notification0-dev
libstartup-notification0libstdc++6
libtime-duration-perl
libtimedate-perl
libunistring-dev
libuv1
libuv1-dev
libwayland-client0
libwayland-cursor0
libx11-6
libx11-xcb-dev
libxcb
libxcb-composite0
libxcb-composite0-dev
libxcb-cursor-dev
libxcb-cursor0
libxcb-damage0-dev
libxcb-ewmh
libxcb-ewmh-dev
libxcb-ewmh2
libxcb-glx0-dev
libxcb-icccm
libxcb-icccm4
libxcb-icccm4-dev
libxcb-image0
libxcb-image0-dev
libxcb-imdkit-dev
libxcb-keysyms1
libxcb-keysyms1-dev
libxcb-present-dev
libxcb-randr
libxcb-randr0
libxcb-randr0-dev
libxcb-render-util0-dev
libxcb-render0-dev
libxcb-shape0
libxcb-shape0-dev
libxcb-util-dev
libxcb-util0-dev
libxcb-util1
libxcb-xfixes0-dev
libxcb-xinerama
libxcb-xinerama0
libxcb-xinerama0-dev
libxcb-xinput-dev
libxcb-xkb
libxcb-xkb-dev
libxcb-xkb1
libxcb-xrm-dev
libxcb-xrm0
libxcb-xtest0
libxcb-xtest0-dev
libxcb1
libxcb1-dev
libxext-dev
libxext6
libxinerama1
libxkbcommon
libxkbcommon-dev
libxkbcommon-tools
libxkbcommon-x11
libxkbcommon-x11-0
libxkbcommon-x11-dev
libxkbcommon0
libxrandr2
libxss1
llvm
llvm-dev
maim
make
makedev
mawk
meson
moreutils
needrestart
ninja-build
original-awk
pango
patchelf
perl
pipx
pkg-config
pkgconf
polybar
pv
python3-cairo-dev
python3-gi
python3-gi-cairo
python3-packaging
python3-setuptools
python3-sphinx
python3-tk
python3-wheel
python3-xcbgen
rofi
scrot
startup-notification
sxhkd
uthash-dev
vim
virtualenv
wget
wmctrl
x11-utils
x11-xserver-utils
xcb-imdkit
xcb-proto
xcb-util
xcb-util-cursor
xcb-util-wm
xcb-util-xrm
xclip
xdg-utils
xdo
xss-lock
xz-utils
